// Jest Snapshot v1, https://goo.gl/fbAQLP

exports[`100percent: select field with function args 1`] = `
<div
  className="MuiFormControl-root MuiFormControl-fullWidth"
>
  <label
    className="MuiFormLabel-root MuiInputLabel-root MuiInputLabel-formControl MuiInputLabel-animated"
    data-shrink={false}
  >
    my select with func
  </label>
  <div
    className="MuiInputBase-root MuiInput-root MuiInput-underline MuiInputBase-formControl MuiInput-formControl"
    onClick={[Function]}
  >
    <div
      aria-haspopup="listbox"
      aria-labelledby=" "
      className="MuiSelect-root MuiSelect-select MuiSelect-selectMenu MuiInputBase-input MuiInput-input"
      onBlur={[Function]}
      onFocus={[Function]}
      onKeyDown={[Function]}
      onMouseDown={[Function]}
      role="button"
      tabIndex={0}
    >
      <span
        dangerouslySetInnerHTML={
          Object {
            "__html": "&#8203;",
          }
        }
      />
    </div>
    <input
      onAnimationStart={[Function]}
      type="hidden"
    />
    <svg
      aria-hidden="true"
      className="MuiSvgIcon-root MuiSelect-icon"
      focusable="false"
      role="presentation"
      viewBox="0 0 24 24"
    >
      <path
        d="M7 10l5 5 5-5z"
      />
    </svg>
  </div>
</div>
`;

exports[`100percent: transition render 1`] = `
<div>
  slide 
  {
  "direction": "up"
}
</div>
`;
