// Jest Snapshot v1, https://goo.gl/fbAQLP

exports[`READ FILES: empty import makes no changes 1`] = `undefined`;

exports[`READ FILES: imported via file 1`] = `
Object {
  "BorderThickness": "0,0,0,0",
  "Grid": Object {
    "Cols": 12,
    "Rows": 7,
  },
  "Height": 40,
  "Keys": Array [
    Object {
      "Col": 8,
      "Label": "7",
      "Row": 0,
      "Text": "7",
      "type": "TextKey",
    },
    Object {
      "Col": 9,
      "Label": "8",
      "Row": 0,
      "Text": "8",
      "type": "TextKey",
    },
    Object {
      "Col": 10,
      "Label": "9",
      "Row": 0,
      "Text": "9",
      "type": "TextKey",
    },
    Object {
      "Col": 1,
      "Row": 2,
      "type": "TextKey",
    },
    Object {
      "Col": 0,
      "Label": "~",
      "Row": 0,
      "Text": "~",
      "type": "TextKey",
    },
    Object {
      "Col": 2,
      "Label": "$",
      "Row": 1,
      "Text": "$",
      "type": "TextKey",
    },
    Object {
      "Col": 1,
      "Label": "&",
      "Row": 1,
      "Text": "&",
      "type": "TextKey",
    },
    Object {
      "Col": 1,
      "Label": "^",
      "Row": 3,
      "Text": "^",
      "type": "TextKey",
    },
    Object {
      "Col": 0,
      "Label": "!",
      "Row": 2,
      "Text": "!",
      "type": "TextKey",
    },
    Object {
      "Col": 2,
      "Label": "?",
      "Row": 3,
      "Text": "?",
      "type": "TextKey",
    },
    Object {
      "Col": 10,
      "Label": "|",
      "Row": 4,
      "Text": "|",
      "type": "TextKey",
    },
    Object {
      "Action": "MenuKeyboard",
      "Col": 11,
      "Row": 0,
      "Symbol": "MenuIcon",
      "type": "ActionKey",
    },
    Object {
      "Col": 5,
      "Label": "4",
      "Row": 0,
      "Text": "4",
      "type": "TextKey",
    },
    Object {
      "Col": 6,
      "Label": "5",
      "Row": 0,
      "Text": "5",
      "type": "TextKey",
    },
    Object {
      "Col": 7,
      "Label": "6",
      "Row": 0,
      "Text": "6",
      "type": "TextKey",
    },
    Object {
      "Col": 3,
      "Label": "/",
      "Row": 1,
      "Text": "/",
      "type": "TextKey",
    },
    Object {
      "Col": 0,
      "Label": ":",
      "Row": 4,
      "Text": ":",
      "type": "TextKey",
    },
    Object {
      "Col": 6,
      "Row": 3,
      "ShiftDownLabel": "F",
      "ShiftUpLabel": "f",
      "Text": "f",
      "type": "TextKey",
    },
    Object {
      "Col": 7,
      "Row": 3,
      "ShiftDownLabel": "G",
      "ShiftUpLabel": "g",
      "Text": "g",
      "type": "TextKey",
    },
    Object {
      "Col": 8,
      "Row": 3,
      "ShiftDownLabel": "H",
      "ShiftUpLabel": "h",
      "Text": "h",
      "type": "TextKey",
    },
    Object {
      "Col": 2,
      "Row": 2,
      "ShiftDownLabel": "Q",
      "ShiftUpLabel": "q",
      "Text": "q",
      "type": "TextKey",
    },
    Object {
      "Col": 9,
      "Row": 3,
      "ShiftDownLabel": "J",
      "ShiftUpLabel": "j",
      "Text": "j",
      "type": "TextKey",
    },
    Object {
      "Col": 8,
      "Label": "%",
      "Row": 1,
      "Text": "%",
      "type": "TextKey",
    },
    Object {
      "Action": "BackOne",
      "Col": 8,
      "Row": 6,
      "Symbol": "BackOneIcon",
      "type": "ActionKey",
    },
    Object {
      "Col": 2,
      "Label": "1",
      "Row": 0,
      "Text": "1",
      "type": "TextKey",
    },
    Object {
      "Col": 3,
      "Label": "2",
      "Row": 0,
      "Text": "2",
      "type": "TextKey",
    },
    Object {
      "Col": 9,
      "Row": 4,
      "ShiftDownLabel": "M",
      "ShiftUpLabel": "m",
      "Text": "m",
      "type": "TextKey",
    },
    Object {
      "Col": 8,
      "Row": 4,
      "ShiftDownLabel": "N",
      "ShiftUpLabel": "n",
      "Text": "n",
      "type": "TextKey",
    },
    Object {
      "Col": 11,
      "Row": 2,
      "ShiftDownLabel": "P",
      "ShiftUpLabel": "p",
      "Text": "p",
      "type": "TextKey",
    },
    Object {
      "Col": 7,
      "Row": 4,
      "ShiftDownLabel": "B",
      "ShiftUpLabel": "b",
      "Text": "b",
      "type": "TextKey",
    },
    Object {
      "Col": 10,
      "Row": 3,
      "ShiftDownLabel": "K",
      "ShiftUpLabel": "k",
      "Text": "k",
      "type": "TextKey",
    },
    Object {
      "Col": 6,
      "Row": 4,
      "ShiftDownLabel": "V",
      "ShiftUpLabel": "v",
      "Text": "v",
      "type": "TextKey",
    },
    Object {
      "Col": 0,
      "Label": "-",
      "Row": 3,
      "Text": "-",
      "type": "TextKey",
    },
    Object {
      "Col": 4,
      "Label": "3",
      "Row": 0,
      "Text": "3",
      "type": "TextKey",
    },
    Object {
      "Col": 6,
      "Label": "_",
      "Row": 1,
      "Text": "_",
      "type": "TextKey",
    },
    Object {
      "Col": 2,
      "Label": ";",
      "Row": 6,
      "Text": ";",
      "type": "TextKey",
    },
    Object {
      "Col": 0,
      "Label": "@",
      "Row": 1,
      "Text": "@",
      "type": "TextKey",
    },
    Object {
      "Col": 7,
      "Label": "\\"",
      "Row": 1,
      "Text": "\\"",
      "type": "TextKey",
    },
    Object {
      "Col": 5,
      "Label": "'",
      "Row": 1,
      "Text": "'",
      "type": "TextKey",
    },
    Object {
      "Col": 11,
      "Label": "#",
      "Row": 4,
      "Text": "#",
      "type": "TextKey",
    },
    Object {
      "Col": 1,
      "Label": "0",
      "Row": 0,
      "Text": "0",
      "type": "TextKey",
    },
    Object {
      "Col": 11,
      "Row": 3,
      "ShiftDownLabel": "L",
      "ShiftUpLabel": "l",
      "Text": "l",
      "type": "TextKey",
    },
    Object {
      "Col": 4,
      "Row": 3,
      "ShiftDownLabel": "S",
      "ShiftUpLabel": "s",
      "Text": "s",
      "type": "TextKey",
    },
    Object {
      "Col": 5,
      "Row": 2,
      "ShiftDownLabel": "R",
      "ShiftUpLabel": "r",
      "Text": "r",
      "type": "TextKey",
    },
    Object {
      "Col": 6,
      "Row": 2,
      "ShiftDownLabel": "T",
      "ShiftUpLabel": "t",
      "Text": "t",
      "type": "TextKey",
    },
    Object {
      "Col": 5,
      "Row": 4,
      "ShiftDownLabel": "C",
      "ShiftUpLabel": "c",
      "Text": "c",
      "type": "TextKey",
    },
    Object {
      "Col": 5,
      "Row": 3,
      "ShiftDownLabel": "D",
      "ShiftUpLabel": "d",
      "Text": "d",
      "type": "TextKey",
    },
    Object {
      "Col": 3,
      "Row": 2,
      "ShiftDownLabel": "W",
      "ShiftUpLabel": "w",
      "Text": "w",
      "type": "TextKey",
    },
    Object {
      "Col": 4,
      "Label": "+",
      "Row": 1,
      "Text": "+",
      "type": "TextKey",
    },
    Object {
      "Col": 1,
      "Label": "<",
      "Row": 4,
      "Text": "<",
      "type": "TextKey",
    },
    Object {
      "Col": 2,
      "Label": "=",
      "Row": 4,
      "Text": "=",
      "type": "TextKey",
    },
    Object {
      "Col": 3,
      "Row": 3,
      "ShiftDownLabel": "A",
      "ShiftUpLabel": "a",
      "Text": "a",
      "type": "TextKey",
    },
    Object {
      "Col": 4,
      "Row": 2,
      "ShiftDownLabel": "E",
      "ShiftUpLabel": "e",
      "Text": "e",
      "type": "TextKey",
    },
    Object {
      "Col": 9,
      "Row": 2,
      "ShiftDownLabel": "I",
      "ShiftUpLabel": "i",
      "Text": "i",
      "type": "TextKey",
    },
    Object {
      "Col": 10,
      "Row": 2,
      "ShiftDownLabel": "O",
      "ShiftUpLabel": "o",
      "Text": "o",
      "type": "TextKey",
    },
    Object {
      "Col": 8,
      "Row": 2,
      "ShiftDownLabel": "U",
      "ShiftUpLabel": "u",
      "Text": "u",
      "type": "TextKey",
    },
    Object {
      "Col": 4,
      "Row": 4,
      "ShiftDownLabel": "X",
      "ShiftUpLabel": "x",
      "Text": "x",
      "type": "TextKey",
    },
    Object {
      "Col": 3,
      "Row": 4,
      "ShiftDownLabel": "Y",
      "ShiftUpLabel": "y",
      "Text": "y",
      "type": "TextKey",
    },
    Object {
      "Col": 7,
      "Row": 2,
      "ShiftDownLabel": "Z",
      "ShiftUpLabel": "z",
      "Text": "z",
      "type": "TextKey",
    },
    Object {
      "Action": "LeftWin",
      "Col": 0,
      "Label": "Win",
      "Row": 5,
      "type": "ActionKey",
    },
    Object {
      "Col": 1,
      "Label": ">",
      "Row": 5,
      "Text": ">",
      "type": "TextKey",
    },
    Object {
      "Col": 2,
      "Label": ",",
      "Row": 5,
      "Text": ",",
      "type": "TextKey",
    },
    Object {
      "Col": 3,
      "Label": ".",
      "Row": 5,
      "Text": ".",
      "type": "TextKey",
    },
    Object {
      "Col": 4,
      "Label": "(",
      "Row": 5,
      "Text": "(",
      "type": "TextKey",
    },
    Object {
      "Col": 5,
      "Label": ")",
      "Row": 5,
      "Text": ")",
      "type": "TextKey",
    },
    Object {
      "Col": 6,
      "Label": "[",
      "Row": 5,
      "Text": "[",
      "type": "TextKey",
    },
    Object {
      "Col": 7,
      "Label": "]",
      "Row": 5,
      "Text": "]",
      "type": "TextKey",
    },
    Object {
      "Col": 8,
      "Label": "{",
      "Row": 5,
      "Text": "{",
      "type": "TextKey",
    },
    Object {
      "Col": 9,
      "Label": "}",
      "Row": 5,
      "Text": "}",
      "type": "TextKey",
    },
    Object {
      "Action": "ArrowUp",
      "Col": 10,
      "Row": 5,
      "Symbol": "UpArrowKeyIcon",
      "type": "ActionKey",
    },
    Object {
      "Action": "Escape",
      "Col": 11,
      "Label": "Esc",
      "Row": 5,
      "type": "ActionKey",
    },
    Object {
      "Action": "LeftCtrl",
      "Col": 0,
      "Label": "Ctrl",
      "Row": 6,
      "type": "ActionKey",
    },
    Object {
      "Action": "LeftAlt",
      "Col": 1,
      "Label": "Alt",
      "Row": 6,
      "type": "ActionKey",
    },
    Object {
      "Action": "LeftShift",
      "Col": 3,
      "Row": 6,
      "Symbol": "ShiftIcon",
      "type": "ActionKey",
    },
    Object {
      "Col": 4,
      "Row": 6,
      "Symbol": "TabIcon",
      "type": "TextKey",
    },
    Object {
      "Col": 5,
      "Row": 6,
      "Symbol": "SpaceIcon",
      "type": "TextKey",
    },
    Object {
      "Col": 7,
      "Row": 6,
      "Symbol": "EnterIcon",
      "type": "TextKey",
    },
    Object {
      "Action": "ArrowLeft",
      "Col": 9,
      "Row": 6,
      "Symbol": "LeftArrowKeyIcon",
      "type": "ActionKey",
    },
    Object {
      "Action": "ArrowDown",
      "Col": 10,
      "Row": 6,
      "Symbol": "DownArrowKeyIcon",
      "type": "ActionKey",
    },
    Object {
      "Action": "ArrowRight",
      "Col": 11,
      "Row": 6,
      "Symbol": "RightArrowKeyIcon",
      "type": "ActionKey",
    },
  ],
  "Name": "MMB2s Keyboard",
  "SymbolMargin": 1,
}
`;

exports[`READ FILES: no keyboard imported yet 1`] = `undefined`;
